[2025-10-10 14:28:43] INFO  [DataLogger] 기존 데이터 109225개 로드 완료.
[2025-10-10 14:28:43] INFO  [DataLogger] 3600초마다 자동 저장 기능 활성화.
[2025-10-10 14:28:43] INFO  [MAIN] 데이터 로거 활성화 및 종료 시 자동 저장 등록
[2025-10-10 14:28:44] WARNING [Notifier] 텔레그램 설정(TELEGRAM_TOKEN, TELEGRAM_CHAT_ID)이 없어 알림 기능이 비활성화됩니다.
[2025-10-10 14:28:47] INFO  [EventLogger] 600초마다 자동 저장 기능 활성화.
[2025-10-10 14:28:47] INFO  [NaverNews] Naver API 설정이 없어 뉴스 기능을 비활성화합니다.
[2025-10-10 14:28:47] INFO  [MAIN] 설정 로드 완료
[2025-10-10 14:28:47] INFO  [MAIN] === KIS 스캘핑 시스템 Phase 1~6 통합 ===
[2025-10-10 14:28:47] INFO  [MAIN] • Phase 1: 실시간 신호 생성
[2025-10-10 14:28:47] INFO  [MAIN] • Phase 2: 종목 선별
[2025-10-10 14:28:47] INFO  [MAIN] • Phase 3: 포지션 관리
[2025-10-10 14:28:47] INFO  [MAIN] • Phase 4: 시간대별 전략
[2025-10-10 14:28:47] INFO  [MAIN] • Phase 5: 백테스팅 & 성과 분석
[2025-10-10 14:28:47] INFO  [MAIN] • Phase 6: 실시간 통합 운영
[2025-10-10 14:28:47] INFO  [API] 파일에서 access_token을 불러왔습니다.
[2025-10-10 14:28:47] WARNING [API] 토큰 발급일(2025-10-02)이 오늘(2025-10-10) 이전이므로 재발급합니다.
[2025-10-10 14:28:47] ERROR [API] 인증 요청 중 오류: 403 Client Error: Forbidden for url: https://openapi.koreainvestment.com:9443/oauth2/tokenP
[2025-10-10 14:28:47] INFO  [API] 파일에서 access_token을 불러왔습니다.
[2025-10-10 14:28:47] WARNING [API] 토큰 발급일(2025-10-02)이 오늘(2025-10-10) 이전이므로 재발급합니다.
[2025-10-10 14:28:47] ERROR [API] 인증 요청 중 오류: 403 Client Error: Forbidden for url: https://openapi.koreainvestment.com:9443/oauth2/tokenP
[2025-10-10 14:28:47] INFO  [API] 파일에서 access_token을 불러왔습니다.
[2025-10-10 14:28:47] WARNING [API] 토큰 발급일(2025-10-02)이 오늘(2025-10-10) 이전이므로 재발급합니다.
[2025-10-10 14:28:47] ERROR [API] 인증 요청 중 오류: 403 Client Error: Forbidden for url: https://openapi.koreainvestment.com:9443/oauth2/tokenP
[2025-10-10 14:28:47] INFO  [DataLogger] 종료 시 최종 저장 실행...
[2025-10-10 14:28:48] INFO  [DataLogger] 데이터 109225개 성공적으로 저장: data/historical_ohlcv_1min.json
[2025-10-10 14:28:48] INFO  [EventLogger] 종료 시 최종 저장 실행...
[2025-10-10 14:28:48] ERROR [MAIN] 시스템 비정상 종료
[2025-10-10 14:28:48] INFO  [MAIN] 프로그램 종료
[2025-10-10 14:28:49] INFO  [DataLogger] 데이터 109225개 성공적으로 저장: data/historical_ohlcv_1min.json
